=== alpha-beta CROWN: HalfCheetah-v4 latent3 spec_11 ===
onnx: sac_sweep_runs/HalfCheetah-v4/latent3/seed0/full_network.onnx
spec: paper_specs/HalfCheetah-v4/spec_11.vnnlib
timeout: 600

INFO     05:40:00     [tensor_storage.py:70] Hugepage enabled for branch-and-bound domains.
/home/andg/anaconda3/envs/quant-env/lib/python3.11/site-packages/onnx2pytorch/convert/operations.py:154: UserWarning: The given NumPy array is not writable, and PyTorch does not support non-writable tensors. This means writing to this tensor will result in undefined behavior. You may want to copy the array to protect its data or make it writable before converting it to a tensor. This type of warning will be suppressed for the rest of this program. (Triggered internally at /pytorch/torch/csrc/utils/tensor_numpy.cpp:203.)
  weight = torch.from_numpy(numpy_helper.to_array(params[0]))
/home/andg/anaconda3/envs/quant-env/lib/python3.11/site-packages/onnx2pytorch/convert/model.py:151: UserWarning: Using experimental implementation that allows 'batch_size > 1'.Batchnorm layers could potentially produce false outputs.
  warnings.warn(
Precompiled vnnlib file found at /home/andg/Andrew/Fall2025/QuantizedVerification/paper_specs/HalfCheetah-v4/spec_11.vnnlib.compiled
Loading onnx /home/andg/Andrew/Fall2025/QuantizedVerification/sac_sweep_runs/HalfCheetah-v4/latent3/seed0/full_network.onnx with quirks {}
Finished onnx model loading in 0.0107 seconds
Attack parameters: initialization=uniform, steps=100, restarts=30, alpha=0.13763749599456787, GAMA=False
PGD attack margin (first 2 examples and 10 specs):
 tensor([[5.23999596]], device='cuda:0')
Total number of violation:  0
Processing batch 1/1...
  0%|          | 0/100 [00:00<?, ?it/s] 51%|█████     | 51/100 [00:00<00:00, 503.76it/s] 57%|█████▋    | 57/100 [00:00<00:00, 517.67it/s]
pgd early stop
PGD attack margin (first 2 examples and 10 specs):
 tensor([[-0.03651476]], device='cuda:0')
Total number of violation:  1
Attack finished in 0.2187 seconds.
PGD attack succeeded!

Checking and Saving Counterexample in check_and_save_cex

verified_status unsafe-pgd
verified_success True
