=== Our method: Hopper-v5 latent3 spec_11 ===
encoder: sac_sweep_runs/Hopper-v5/latent3/seed0/encoder.onnx
controller: sac_sweep_runs/Hopper-v5/latent3/seed0/latent_controller_full.pth
quant_step: 0.1
spec: paper_specs/Hopper-v5/spec_11.vnnlib

Running in parallel with 32 processes
(0.0 sec) Q: 0, Sets: 0/1  (0.0%) ETA: - (expected 1 stars)   
(0.2 sec) Q: 1, Sets: 0/2  (0.0%) ETA: - (expected 1 stars)   
(0.3 sec) Q: 1, Sets: 0/3  (0.0%) ETA: - (expected 1 stars)   Worker 20: 69 stars (69 exact, 0 approx); Working: 26.0% (Exact: 26.0%, Overapprox: 0.0%); Waiting: 50.509ms 
Worker 17: 1 stars (1 exact, 0 approx); Working: 9.2% (Exact: 9.2%, Overapprox: 0.0%); Waiting: 0ms 
Worker 11: 2 stars (0 exact, 2 approx); Working: 0.6% (Exact: 0.5%, Overapprox: 0.2%); Waiting: 0ms 
Worker 14: 29 stars (29 exact, 0 approx); Working: 43.3% (Exact: 43.3%, Overapprox: 0.0%); Waiting: 51.35ms 
Worker 21: 26 stars (25 exact, 1 approx); Working: 4.2% (Exact: 4.1%, Overapprox: 0.1%); Waiting: 48.848ms 
Worker 3: 2 stars (0 exact, 2 approx); Working: 0.5% (Exact: 0.4%, Overapprox: 0.1%); Waiting: 0ms 
Worker 1: 32 stars (29 exact, 3 approx); Working: 16.5% (Exact: 16.4%, Overapprox: 0.2%); Waiting: 2.11ms 
Worker 27: 2 stars (0 exact, 2 approx); Working: 0.4% (Exact: 0.3%, Overapprox: 0.1%); Waiting: 0ms 
Worker 8: 36 stars (36 exact, 0 approx); Working: 60.0% (Exact: 60.0%, Overapprox: 0.0%); Waiting: 2.024ms 
Worker 31: 24 stars (23 exact, 1 approx); Working: 22.4% (Exact: 22.3%, Overapprox: 0.1%); Waiting: 1.323ms 
Worker 13: 2 stars (2 exact, 0 approx); Working: 0.3% (Exact: 0.3%, Overapprox: 0.0%); Waiting: 0.331ms 
Worker 12: 1 stars (1 exact, 0 approx); Working: 0.5% (Exact: 0.5%, Overapprox: 0.0%); Waiting: 0ms 
Worker 9: 35 stars (34 exact, 1 approx); Working: 28.3% (Exact: 28.3%, Overapprox: 0.0%); Waiting: 0ms 
Worker 10: 35 stars (32 exact, 3 approx); Working: 28.7% (Exact: 28.6%, Overapprox: 0.1%); Waiting: 0ms 
Worker 25: 2 stars (0 exact, 2 approx); Working: 0.6% (Exact: 0.4%, Overapprox: 0.2%); Waiting: 0ms 
Worker 2: 3 stars (0 exact, 3 approx); Working: 0.5% (Exact: 0.4%, Overapprox: 0.1%); Waiting: 0ms 
Worker 4: 35 stars (33 exact, 2 approx); Working: 27.3% (Exact: 27.2%, Overapprox: 0.1%); Waiting: 0ms 
Worker 26: 4 stars (0 exact, 4 approx); Working: 1.0% (Exact: 0.8%, Overapprox: 0.2%); Waiting: 0ms 
Worker 22: 2 stars (0 exact, 2 approx); Working: 0.6% (Exact: 0.4%, Overapprox: 0.2%); Waiting: 0ms 
Worker 6: 27 stars (26 exact, 1 approx); Working: 17.6% (Exact: 17.6%, Overapprox: 0.0%); Waiting: 50.863ms 
Worker 5: 3 stars (0 exact, 3 approx); Working: 0.8% (Exact: 0.6%, Overapprox: 0.2%); Waiting: 0ms 
Worker 7: 1 stars (1 exact, 0 approx); Working: 0.5% (Exact: 0.5%, Overapprox: 0.0%); Waiting: 0ms 
Worker 18: 34 stars (34 exact, 0 approx); Working: 46.1% (Exact: 46.1%, Overapprox: 0.0%); Waiting: 1.207ms 
Worker 19: 2 stars (0 exact, 2 approx); Working: 0.6% (Exact: 0.4%, Overapprox: 0.2%); Waiting: 0ms 
Worker 24: 2 stars (2 exact, 0 approx); Working: 0.9% (Exact: 0.9%, Overapprox: 0.0%); Waiting: 0ms 
Worker 30: 2 stars (1 exact, 1 approx); Working: 1.0% (Exact: 0.9%, Overapprox: 0.1%); Waiting: 0ms 
Worker 29: 3 stars (1 exact, 2 approx); Working: 1.1% (Exact: 0.9%, Overapprox: 0.1%); Waiting: 0ms 
Worker 23: 2 stars (2 exact, 0 approx); Working: 0.9% (Exact: 0.9%, Overapprox: 0.0%); Waiting: 0ms 
Worker 16: 3 stars (1 exact, 2 approx); Working: 1.0% (Exact: 0.9%, Overapprox: 0.1%); Waiting: 0ms 
Worker 15: 48 stars (47 exact, 1 approx); Working: 20.9% (Exact: 20.9%, Overapprox: 0.1%); Waiting: 50.071ms 
Worker 28: 3 stars (1 exact, 2 approx); Working: 1.4% (Exact: 1.3%, Overapprox: 0.2%); Waiting: 0ms 
(0.5 sec) Q: 1, Sets: 0/10  (0.0%) ETA: - (expected 1 stars)   
(0.6 sec) Q: 18, Sets: 211/252  (23.892%) ETA: 1.8 sec (expected 883 stars)   (0.7 sec) Q: 0, Sets: 499/499  (100.0%) ETA: 0.0 sec (expected 499 stars)   

Worker 0: 27 stars (25 exact, 2 approx); Working: 83.2% (Exact: 83.1%, Overapprox: 0.1%); Waiting: 1.598ms 

Worker_func (process 0) Time (1 calls): 0.64 sec
  Get_global_queue Time (12 calls): 0.10 sec (16.1%)
    Deserialize Time (2 calls): 0.00 sec (0.3%)
    Other (Get_global_queue): 0.10 sec (99.7%)
  Update_shared_variables Time (9 calls): 0.00 sec (0.3%)
  Print_progress Time (6 calls): 0.00 sec (0.1%)
  Exists_idle_worker Time (34 calls): 0.00 sec (0.0%)
  Advance Time (32 calls): 0.46 sec (70.9%)
    Do_first_relu_split Time (32 calls): 0.45 sec (99.2%)
      Split_enumerate Time (32 calls): 0.45 sec (100.0%)
        Glp_copy_prob Time (32 calls): 0.00 sec (0.0%)
        Copy init bm bias Time (32 calls): 0.00 sec (0.0%)
        Check child feasible Time (32 calls): 0.00 sec (0.3%)
        Add_dense_row Time (32 calls): 0.00 sec (0.1%)
        Prefilter_split_relu Time (32 calls): 0.45 sec (99.3%)
          Contract_zonotope_lp Time (32 calls): 0.02 sec (3.5%)
          Witness_lp Time (64 calls): 0.00 sec (0.4%)
          Recompute_bounds Time (38 calls): 0.43 sec (95.8%)
            Zono.update_output_bounds Time (38 calls): 0.00 sec (0.4%)
            Update_bounds_lp_parallel Time (8 calls): 0.42 sec (98.5%)
              Serialize Time (8 calls): 0.00 sec (0.1%)
              Deserialize Time (8 calls): 0.00 sec (0.3%)
              Other (Update_bounds_lp_parallel): 0.42 sec (99.7%)
            Sort_splits Time (38 calls): 0.00 sec (0.1%)
            Update_bounds_lp Time (30 calls): 0.00 sec (0.8%)
            Other (Recompute_bounds): 0.00 sec (0.3%)
          Assign_zeros Time (38 calls): 0.00 sec (0.1%)
          Other (Prefilter_split_relu): 0.00 sec (0.3%)
        Other (Split_enumerate): 0.00 sec (0.2%)
      Other (Do_first_relu_split): 0.00 sec (0.0%)
    Starstate.apply_linear_layer Time (40 calls): 0.00 sec (0.1%)
    Recompute_bounds Time (20 calls): 0.00 sec (0.6%)
    Assign_zeros Time (20 calls): 0.00 sec (0.0%)
    Other (Advance): 0.00 sec (0.1%)
  Finished_star Time (25 calls): 0.08 sec (12.3%)
    Zono_might_violate_spec Time (25 calls): 0.00 sec (0.9%)
    Serialize Time (25 calls): 0.00 sec (2.8%)
    Get_violation_star Time (3 calls): 0.00 sec (0.5%)
    Other (Finished_star): 0.08 sec (95.9%)
  Do_overapprox_rounds Time (2 calls): 0.00 sec (0.1%)
  Post_loop Time (1 calls): 0.00 sec (0.1%)
  Other (Worker_func (process 0)): 0.00 sec (0.2%)


Total Stars: 499 (455 exact, 44 approx)
Runtime: 1.1 sec
Completed work frac: 1.0
Num Stars Copied Between Processes: 46
Num Lps During Enumeration: 10215
Total Num Lps: 10215

Result: network is SAFE
Enumerate_network Time (1 calls): 1.20 sec
  From_init_box Time (1 calls): 0.00 sec (0.0%)
  Propagate_up_to_split Time (1 calls): 0.00 sec (0.0%)
  Push_init Time (1 calls): 0.00 sec (0.0%)
  Run workers Time (1 calls): 1.07 sec (88.9%)
  Deserialize result stars Time (1 calls): 0.04 sec (3.3%)
  Other (Enumerate_network): 0.09 sec (7.7%)
