=== Our method: HalfCheetah-v4 latent3 spec_3 ===
encoder: sac_sweep_runs/HalfCheetah-v4/latent3/seed0/encoder.onnx
controller: sac_sweep_runs/HalfCheetah-v4/latent3/seed0/latent_controller_full.pth
quant_step: 0.05
spec: paper_specs/HalfCheetah-v4/spec_3.vnnlib

Running in parallel with 32 processes
(0.0 sec) Q: 0, Sets: 0/1  (0.0%) ETA: - (expected 1 stars)   
(0.2 sec) Q: 1, Sets: 0/2  (0.0%) ETA: - (expected 1 stars)   
(0.4 sec) Q: 1, Sets: 0/3  (0.0%) ETA: - (expected 1 stars)   Worker 6: 12 stars (12 exact, 0 approx); Working: 55.8% (Exact: 55.8%, Overapprox: 0.0%); Waiting: 0ms 
Worker 13: 4 stars (4 exact, 0 approx); Working: 10.8% (Exact: 10.8%, Overapprox: 0.0%); Waiting: 0ms 
Worker 30: 0 stars (0 exact, 0 approx); Working: 0.0% (Exact: 0.0%, Overapprox: 0.0%); Waiting: 0ms 
Worker 24: 0 stars (0 exact, 0 approx); Working: 0.0% (Exact: 0.0%, Overapprox: 0.0%); Waiting: 0ms 
Worker 18: 0 stars (0 exact, 0 approx); Working: 0.0% (Exact: 0.0%, Overapprox: 0.0%); Waiting: 0ms 
Worker 16: 0 stars (0 exact, 0 approx); Working: 0.0% (Exact: 0.0%, Overapprox: 0.0%); Waiting: 0ms 
Worker 11: 0 stars (0 exact, 0 approx); Working: 0.0% (Exact: 0.0%, Overapprox: 0.0%); Waiting: 0ms 
Worker 14: 0 stars (0 exact, 0 approx); Working: 0.0% (Exact: 0.0%, Overapprox: 0.0%); Waiting: 0ms 
Worker 26: 2 stars (2 exact, 0 approx); Working: 1.1% (Exact: 1.1%, Overapprox: 0.0%); Waiting: 0ms 
Worker 2: 5 stars (5 exact, 0 approx); Working: 1.6% (Exact: 1.6%, Overapprox: 0.0%); Waiting: 0ms 
Worker 5: 5 stars (5 exact, 0 approx); Working: 28.0% (Exact: 28.0%, Overapprox: 0.0%); Waiting: 0ms 
Worker 17: 9 stars (9 exact, 0 approx); Working: 30.8% (Exact: 30.8%, Overapprox: 0.0%); Waiting: 18.05ms 
Worker 3: 0 stars (0 exact, 0 approx); Working: 0.0% (Exact: 0.0%, Overapprox: 0.0%); Waiting: 0ms 
Worker 7: 1 stars (1 exact, 0 approx); Working: 0.4% (Exact: 0.4%, Overapprox: 0.0%); Waiting: 0ms 
Worker 12: 0 stars (0 exact, 0 approx); Working: 0.0% (Exact: 0.0%, Overapprox: 0.0%); Waiting: 0ms 
Worker 25: 8 stars (8 exact, 0 approx); Working: 14.4% (Exact: 14.4%, Overapprox: 0.0%); Waiting: 10.145ms 
Worker 19: 0 stars (0 exact, 0 approx); Working: 0.0% (Exact: 0.0%, Overapprox: 0.0%); Waiting: 0ms 
Worker 22: 0 stars (0 exact, 0 approx); Working: 0.0% (Exact: 0.0%, Overapprox: 0.0%); Waiting: 0ms 
Worker 28: 0 stars (0 exact, 0 approx); Working: 0.0% (Exact: 0.0%, Overapprox: 0.0%); Waiting: 0ms 
Worker 15: 0 stars (0 exact, 0 approx); Working: 0.0% (Exact: 0.0%, Overapprox: 0.0%); Waiting: 0ms 
Worker 10: 0 stars (0 exact, 0 approx); Working: 0.0% (Exact: 0.0%, Overapprox: 0.0%); Waiting: 0ms 
Worker 1: 0 stars (0 exact, 0 approx); Working: 0.0% (Exact: 0.0%, Overapprox: 0.0%); Waiting: 0ms 
Worker 8: 1 stars (1 exact, 0 approx); Working: 0.5% (Exact: 0.5%, Overapprox: 0.0%); Waiting: 0ms 
Worker 20: 0 stars (0 exact, 0 approx); Working: 0.0% (Exact: 0.0%, Overapprox: 0.0%); Waiting: 0ms 
Worker 31: 8 stars (8 exact, 0 approx); Working: 19.5% (Exact: 19.5%, Overapprox: 0.0%); Waiting: 10.179ms 
Worker 21: 2 stars (2 exact, 0 approx); Working: 1.2% (Exact: 1.2%, Overapprox: 0.0%); Waiting: 0ms 
Worker 27: 2 stars (2 exact, 0 approx); Working: 1.5% (Exact: 1.5%, Overapprox: 0.0%); Waiting: 0ms 
Worker 9: 1 stars (1 exact, 0 approx); Working: 0.7% (Exact: 0.7%, Overapprox: 0.0%); Waiting: 0ms 
Worker 23: 4 stars (4 exact, 0 approx); Working: 14.3% (Exact: 14.3%, Overapprox: 0.0%); Waiting: 0ms 
Worker 29: 0 stars (0 exact, 0 approx); Working: 0.0% (Exact: 0.0%, Overapprox: 0.0%); Waiting: 0ms 
Worker 4: 0 stars (0 exact, 0 approx); Working: 0.0% (Exact: 0.0%, Overapprox: 0.0%); Waiting: 0ms 
(0.5 sec) Q: 0, Sets: 6/16  (6.25%) ETA: 7.5 sec (expected 96 stars)   


Worker 0: 4 stars (4 exact, 0 approx); Working: 93.3% (Exact: 93.3%, Overapprox: 0.0%); Waiting: 9.771ms 

Worker_func (process 0) Time (1 calls): 0.52 sec
  Get_global_queue Time (4 calls): 0.03 sec (6.2%)
    Deserialize Time (2 calls): 0.00 sec (0.9%)
    Other (Get_global_queue): 0.03 sec (99.1%)
  Update_shared_variables Time (8 calls): 0.00 sec (0.3%)
  Print_progress Time (4 calls): 0.00 sec (0.1%)
  Exists_idle_worker Time (10 calls): 0.00 sec (0.0%)
  Advance Time (10 calls): 0.48 sec (92.8%)
    Do_first_relu_split Time (10 calls): 0.48 sec (99.8%)
      Split_enumerate Time (10 calls): 0.48 sec (100.0%)
        Glp_copy_prob Time (10 calls): 0.00 sec (0.0%)
        Copy init bm bias Time (10 calls): 0.00 sec (0.0%)
        Check child feasible Time (10 calls): 0.00 sec (0.2%)
        Add_dense_row Time (10 calls): 0.00 sec (0.1%)
        Prefilter_split_relu Time (10 calls): 0.48 sec (99.5%)
          Contract_zonotope_lp Time (10 calls): 0.01 sec (1.1%)
          Witness_lp Time (20 calls): 0.00 sec (0.2%)
          Recompute_bounds Time (16 calls): 0.47 sec (98.6%)
            Zono.update_output_bounds Time (16 calls): 0.00 sec (0.2%)
            Update_bounds_lp_parallel Time (8 calls): 0.47 sec (99.4%)
              Serialize Time (8 calls): 0.00 sec (0.1%)
              Deserialize Time (8 calls): 0.00 sec (0.3%)
              Other (Update_bounds_lp_parallel): 0.47 sec (99.6%)
            Sort_splits Time (16 calls): 0.00 sec (0.0%)
            Update_bounds_lp Time (8 calls): 0.00 sec (0.1%)
            Other (Recompute_bounds): 0.00 sec (0.3%)
          Assign_zeros Time (16 calls): 0.00 sec (0.0%)
          Other (Prefilter_split_relu): 0.00 sec (0.1%)
        Other (Split_enumerate): 0.00 sec (0.2%)
      Other (Do_first_relu_split): 0.00 sec (0.0%)
    Starstate.apply_linear_layer Time (12 calls): 0.00 sec (0.0%)
    Recompute_bounds Time (6 calls): 0.00 sec (0.1%)
    Assign_zeros Time (6 calls): 0.00 sec (0.0%)
    Other (Advance): 0.00 sec (0.0%)
  Finished_star Time (4 calls): 0.00 sec (0.5%)
  Post_loop Time (1 calls): 0.00 sec (0.0%)
  Other (Worker_func (process 0)): 0.00 sec (0.1%)


Total Stars: 68 (68 exact, 0 approx)
Runtime: 0.9 sec
Completed work frac: 1.0
Num Stars Copied Between Processes: 19
Num Lps During Enumeration: 1299
Total Num Lps: 1299

Result: network is SAFE
Enumerate_network Time (1 calls): 0.96 sec
  From_init_box Time (1 calls): 0.00 sec (0.0%)
  Propagate_up_to_split Time (1 calls): 0.00 sec (0.0%)
  Push_init Time (1 calls): 0.00 sec (0.0%)
  Run workers Time (1 calls): 0.94 sec (97.2%)
  Deserialize result stars Time (1 calls): 0.01 sec (0.5%)
  Other (Enumerate_network): 0.02 sec (2.1%)
