=== Our method: HalfCheetah-v4 latent3 spec_6 ===
encoder: sac_sweep_runs/HalfCheetah-v4/latent3/seed0/encoder.onnx
controller: sac_sweep_runs/HalfCheetah-v4/latent3/seed0/latent_controller_full.pth
quant_step: 0.05
spec: paper_specs/HalfCheetah-v4/spec_6.vnnlib

Running in parallel with 32 processes
(0.0 sec) Q: 0, Sets: 0/1  (0.0%) ETA: - (expected 1 stars)   
(0.2 sec) Q: 1, Sets: 0/2  (0.0%) ETA: - (expected 1 stars)   
(0.4 sec) Q: 1, Sets: 0/3  (0.0%) ETA: - (expected 1 stars)   Worker 12: 12 stars (12 exact, 0 approx); Working: 63.6% (Exact: 63.6%, Overapprox: 0.0%); Waiting: 0ms 
Worker 25: 2 stars (2 exact, 0 approx); Working: 1.6% (Exact: 1.6%, Overapprox: 0.0%); Waiting: 0ms 
Worker 7: 2 stars (2 exact, 0 approx); Working: 11.3% (Exact: 11.3%, Overapprox: 0.0%); Waiting: 0ms 
Worker 5: 0 stars (0 exact, 0 approx); Working: 0.0% (Exact: 0.0%, Overapprox: 0.0%); Waiting: 0ms 
Worker 22: 1 stars (1 exact, 0 approx); Working: 0.4% (Exact: 0.4%, Overapprox: 0.0%); Waiting: 0ms 
Worker 21: 0 stars (0 exact, 0 approx); Working: 0.0% (Exact: 0.0%, Overapprox: 0.0%); Waiting: 0ms 
Worker 27: 0 stars (0 exact, 0 approx); Working: 0.0% (Exact: 0.0%, Overapprox: 0.0%); Waiting: 0ms 
Worker 2: 0 stars (0 exact, 0 approx); Working: 0.0% (Exact: 0.0%, Overapprox: 0.0%); Waiting: 0ms 
Worker 29: 2 stars (2 exact, 0 approx); Working: 1.0% (Exact: 1.0%, Overapprox: 0.0%); Waiting: 0ms 
Worker 15: 2 stars (2 exact, 0 approx); Working: 0.8% (Exact: 0.8%, Overapprox: 0.0%); Waiting: 0ms 
Worker 31: 6 stars (6 exact, 0 approx); Working: 45.4% (Exact: 45.4%, Overapprox: 0.0%); Waiting: 0ms 
Worker 3: 0 stars (0 exact, 0 approx); Working: 0.0% (Exact: 0.0%, Overapprox: 0.0%); Waiting: 0ms 
Worker 28: 2 stars (2 exact, 0 approx); Working: 40.7% (Exact: 40.7%, Overapprox: 0.0%); Waiting: 0ms 
Worker 6: 2 stars (2 exact, 0 approx); Working: 10.7% (Exact: 10.7%, Overapprox: 0.0%); Waiting: 0ms 
Worker 10: 0 stars (0 exact, 0 approx); Working: 0.0% (Exact: 0.0%, Overapprox: 0.0%); Waiting: 0ms 
Worker 23: 4 stars (4 exact, 0 approx); Working: 1.4% (Exact: 1.4%, Overapprox: 0.0%); Waiting: 20.466ms 
Worker 26: 2 stars (2 exact, 0 approx); Working: 0.7% (Exact: 0.7%, Overapprox: 0.0%); Waiting: 0ms 
Worker 17: 1 stars (1 exact, 0 approx); Working: 12.8% (Exact: 12.8%, Overapprox: 0.0%); Waiting: 0ms 
Worker 1: 0 stars (0 exact, 0 approx); Working: 0.0% (Exact: 0.0%, Overapprox: 0.0%); Waiting: 0ms 
Worker 30: 0 stars (0 exact, 0 approx); Working: 0.0% (Exact: 0.0%, Overapprox: 0.0%); Waiting: 0ms 
Worker 8: 0 stars (0 exact, 0 approx); Working: 0.0% (Exact: 0.0%, Overapprox: 0.0%); Waiting: 0ms 
Worker 4: 5 stars (5 exact, 0 approx); Working: 1.5% (Exact: 1.5%, Overapprox: 0.0%); Waiting: 0ms 
Worker 9: 0 stars (0 exact, 0 approx); Working: 0.0% (Exact: 0.0%, Overapprox: 0.0%); Waiting: 0ms 
Worker 16: 0 stars (0 exact, 0 approx); Working: 0.0% (Exact: 0.0%, Overapprox: 0.0%); Waiting: 0ms 
Worker 13: 4 stars (4 exact, 0 approx); Working: 14.3% (Exact: 14.3%, Overapprox: 0.0%); Waiting: 0ms 
Worker 24: 4 stars (4 exact, 0 approx); Working: 1.3% (Exact: 1.3%, Overapprox: 0.0%); Waiting: 0ms 
Worker 19: 2 stars (2 exact, 0 approx); Working: 0.8% (Exact: 0.8%, Overapprox: 0.0%); Waiting: 0ms 
Worker 20: 0 stars (0 exact, 0 approx); Working: 0.0% (Exact: 0.0%, Overapprox: 0.0%); Waiting: 0ms 
Worker 14: 4 stars (4 exact, 0 approx); Working: 1.8% (Exact: 1.8%, Overapprox: 0.0%); Waiting: 11.85ms 
Worker 11: 2 stars (2 exact, 0 approx); Working: 0.9% (Exact: 0.9%, Overapprox: 0.0%); Waiting: 0ms 
Worker 18: 1 stars (1 exact, 0 approx); Working: 0.8% (Exact: 0.8%, Overapprox: 0.0%); Waiting: 0ms 
(0.5 sec) Q: 0, Sets: 0/8  (0.0%) ETA: - (expected 1 stars)   


Worker 0: 8 stars (8 exact, 0 approx); Working: 93.3% (Exact: 93.3%, Overapprox: 0.0%); Waiting: 10.681ms 

Worker_func (process 0) Time (1 calls): 0.50 sec
  Get_global_queue Time (4 calls): 0.03 sec (6.3%)
    Deserialize Time (2 calls): 0.00 sec (1.0%)
    Other (Get_global_queue): 0.03 sec (99.0%)
  Update_shared_variables Time (8 calls): 0.00 sec (0.2%)
  Print_progress Time (4 calls): 0.00 sec (0.1%)
  Exists_idle_worker Time (12 calls): 0.00 sec (0.0%)
  Advance Time (12 calls): 0.46 sec (92.1%)
    Do_first_relu_split Time (12 calls): 0.46 sec (99.7%)
      Split_enumerate Time (12 calls): 0.46 sec (100.0%)
        Glp_copy_prob Time (12 calls): 0.00 sec (0.0%)
        Copy init bm bias Time (12 calls): 0.00 sec (0.0%)
        Check child feasible Time (12 calls): 0.00 sec (0.2%)
        Add_dense_row Time (12 calls): 0.00 sec (0.1%)
        Prefilter_split_relu Time (12 calls): 0.46 sec (99.5%)
          Contract_zonotope_lp Time (12 calls): 0.01 sec (1.7%)
          Witness_lp Time (24 calls): 0.00 sec (0.2%)
          Recompute_bounds Time (18 calls): 0.45 sec (97.9%)
            Zono.update_output_bounds Time (18 calls): 0.00 sec (0.2%)
            Update_bounds_lp_parallel Time (8 calls): 0.45 sec (99.3%)
              Serialize Time (8 calls): 0.00 sec (0.1%)
              Deserialize Time (8 calls): 0.00 sec (0.3%)
              Other (Update_bounds_lp_parallel): 0.44 sec (99.6%)
            Sort_splits Time (18 calls): 0.00 sec (0.0%)
            Update_bounds_lp Time (10 calls): 0.00 sec (0.2%)
            Other (Recompute_bounds): 0.00 sec (0.3%)
          Assign_zeros Time (18 calls): 0.00 sec (0.0%)
          Other (Prefilter_split_relu): 0.00 sec (0.2%)
        Other (Split_enumerate): 0.00 sec (0.2%)
      Other (Do_first_relu_split): 0.00 sec (0.0%)
    Starstate.apply_linear_layer Time (16 calls): 0.00 sec (0.1%)
    Recompute_bounds Time (8 calls): 0.00 sec (0.1%)
    Assign_zeros Time (8 calls): 0.00 sec (0.0%)
    Other (Advance): 0.00 sec (0.1%)
  Finished_star Time (8 calls): 0.01 sec (1.2%)
  Post_loop Time (1 calls): 0.00 sec (0.0%)
  Other (Worker_func (process 0)): 0.00 sec (0.2%)


Total Stars: 68 (68 exact, 0 approx)
Runtime: 0.9 sec
Completed work frac: 1.0
Num Stars Copied Between Processes: 22
Num Lps During Enumeration: 1299
Total Num Lps: 1299

Result: network is SAFE
Enumerate_network Time (1 calls): 0.95 sec
  From_init_box Time (1 calls): 0.00 sec (0.0%)
  Propagate_up_to_split Time (1 calls): 0.00 sec (0.0%)
  Push_init Time (1 calls): 0.00 sec (0.0%)
  Run workers Time (1 calls): 0.92 sec (96.9%)
  Deserialize result stars Time (1 calls): 0.01 sec (0.7%)
  Other (Enumerate_network): 0.02 sec (2.3%)
