=== Our method: Hopper-v5 latent3 spec_6 ===
encoder: sac_sweep_runs/Hopper-v5/latent3/seed0/encoder.onnx
controller: sac_sweep_runs/Hopper-v5/latent3/seed0/latent_controller_full.pth
quant_step: 0.1
spec: paper_specs/Hopper-v5/spec_6.vnnlib

Running in parallel with 32 processes
(0.0 sec) Q: 0, Sets: 0/1  (0.0%) ETA: - (expected 1 stars)   
(0.2 sec) Q: 1, Sets: 0/2  (0.0%) ETA: - (expected 1 stars)   
(0.4 sec) Q: 2, Sets: 0/4  (0.0%) ETA: - (expected 1 stars)   Worker 15: 5 stars (5 exact, 0 approx); Working: 9.6% (Exact: 9.6%, Overapprox: 0.0%); Waiting: 0ms 
Worker 4: 4 stars (4 exact, 0 approx); Working: 12.1% (Exact: 12.1%, Overapprox: 0.0%); Waiting: 0ms 
Worker 5: 0 stars (0 exact, 0 approx); Working: 0.0% (Exact: 0.0%, Overapprox: 0.0%); Waiting: 0ms 
Worker 14: 0 stars (0 exact, 0 approx); Working: 0.0% (Exact: 0.0%, Overapprox: 0.0%); Waiting: 0ms 
Worker 26: 0 stars (0 exact, 0 approx); Working: 0.0% (Exact: 0.0%, Overapprox: 0.0%); Waiting: 0ms 
Worker 12: 0 stars (0 exact, 0 approx); Working: 0.0% (Exact: 0.0%, Overapprox: 0.0%); Waiting: 0ms 
Worker 11: 0 stars (0 exact, 0 approx); Working: 0.0% (Exact: 0.0%, Overapprox: 0.0%); Waiting: 0ms 
Worker 30: 0 stars (0 exact, 0 approx); Working: 0.0% (Exact: 0.0%, Overapprox: 0.0%); Waiting: 0ms 
Worker 25: 0 stars (0 exact, 0 approx); Working: 0.0% (Exact: 0.0%, Overapprox: 0.0%); Waiting: 0ms 
Worker 29: 0 stars (0 exact, 0 approx); Working: 0.0% (Exact: 0.0%, Overapprox: 0.0%); Waiting: 0ms 
Worker 27: 4 stars (4 exact, 0 approx); Working: 2.2% (Exact: 2.2%, Overapprox: 0.0%); Waiting: 0ms 
Worker 28: 4 stars (4 exact, 0 approx); Working: 2.1% (Exact: 2.1%, Overapprox: 0.0%); Waiting: 0ms 
Worker 19: 0 stars (0 exact, 0 approx); Working: 0.0% (Exact: 0.0%, Overapprox: 0.0%); Waiting: 0ms 
Worker 31: 0 stars (0 exact, 0 approx); Working: 0.0% (Exact: 0.0%, Overapprox: 0.0%); Waiting: 0ms 
Worker 17: 8 stars (8 exact, 0 approx); Working: 34.9% (Exact: 34.9%, Overapprox: 0.0%); Waiting: 0ms 
Worker 10: 8 stars (8 exact, 0 approx); Working: 2.0% (Exact: 2.0%, Overapprox: 0.0%); Waiting: 0ms 
Worker 16: 0 stars (0 exact, 0 approx); Working: 0.0% (Exact: 0.0%, Overapprox: 0.0%); Waiting: 0ms 
Worker 21: 0 stars (0 exact, 0 approx); Working: 0.0% (Exact: 0.0%, Overapprox: 0.0%); Waiting: 0ms 
Worker 1: 0 stars (0 exact, 0 approx); Working: 0.0% (Exact: 0.0%, Overapprox: 0.0%); Waiting: 0ms 
Worker 22: 0 stars (0 exact, 0 approx); Working: 0.0% (Exact: 0.0%, Overapprox: 0.0%); Waiting: 0ms 
Worker 6: 9 stars (9 exact, 0 approx); Working: 13.7% (Exact: 13.7%, Overapprox: 0.0%); Waiting: 0ms 
Worker 3: 10 stars (10 exact, 0 approx); Working: 31.1% (Exact: 31.1%, Overapprox: 0.0%); Waiting: 0ms 
Worker 13: 0 stars (0 exact, 0 approx); Working: 0.0% (Exact: 0.0%, Overapprox: 0.0%); Waiting: 0ms 
Worker 20: 0 stars (0 exact, 0 approx); Working: 0.0% (Exact: 0.0%, Overapprox: 0.0%); Waiting: 0ms 
Worker 9: 4 stars (4 exact, 0 approx); Working: 58.0% (Exact: 58.0%, Overapprox: 0.0%); Waiting: 0ms 
Worker 23: 0 stars (0 exact, 0 approx); Working: 0.0% (Exact: 0.0%, Overapprox: 0.0%); Waiting: 0ms 
Worker 24: 0 stars (0 exact, 0 approx); Working: 0.0% (Exact: 0.0%, Overapprox: 0.0%); Waiting: 0ms 
Worker 18: 0 stars (0 exact, 0 approx); Working: 0.0% (Exact: 0.0%, Overapprox: 0.0%); Waiting: 0ms 
Worker 8: 4 stars (4 exact, 0 approx); Working: 1.0% (Exact: 1.0%, Overapprox: 0.0%); Waiting: 0ms 
Worker 2: 3 stars (3 exact, 0 approx); Working: 0.9% (Exact: 0.9%, Overapprox: 0.0%); Waiting: 0ms 
Worker 7: 4 stars (4 exact, 0 approx); Working: 12.1% (Exact: 12.1%, Overapprox: 0.0%); Waiting: 0ms 
(0.5 sec) Q: 2, Sets: 0/13  (0.0%) ETA: - (expected 1 stars)   


Worker 0: 8 stars (8 exact, 0 approx); Working: 90.4% (Exact: 90.4%, Overapprox: 0.0%); Waiting: 0ms 

Worker_func (process 0) Time (1 calls): 0.55 sec
  Get_global_queue Time (6 calls): 0.05 sec (9.3%)
    Deserialize Time (1 calls): 0.00 sec (0.3%)
    Other (Get_global_queue): 0.05 sec (99.7%)
  Update_shared_variables Time (7 calls): 0.00 sec (0.1%)
  Print_progress Time (4 calls): 0.00 sec (0.1%)
  Exists_idle_worker Time (10 calls): 0.00 sec (0.0%)
  Advance Time (10 calls): 0.49 sec (89.1%)
    Do_first_relu_split Time (10 calls): 0.49 sec (99.8%)
      Split_enumerate Time (10 calls): 0.49 sec (100.0%)
        Glp_copy_prob Time (10 calls): 0.00 sec (0.0%)
        Copy init bm bias Time (10 calls): 0.00 sec (0.0%)
        Check child feasible Time (10 calls): 0.00 sec (0.1%)
        Add_dense_row Time (10 calls): 0.00 sec (0.0%)
        Prefilter_split_relu Time (10 calls): 0.48 sec (99.6%)
          Contract_zonotope_lp Time (10 calls): 0.00 sec (0.9%)
          Witness_lp Time (20 calls): 0.00 sec (0.1%)
          Recompute_bounds Time (16 calls): 0.48 sec (98.8%)
            Zono.update_output_bounds Time (16 calls): 0.00 sec (0.2%)
            Update_bounds_lp_parallel Time (8 calls): 0.48 sec (99.5%)
              Serialize Time (8 calls): 0.00 sec (0.1%)
              Deserialize Time (8 calls): 0.00 sec (0.2%)
              Other (Update_bounds_lp_parallel): 0.47 sec (99.7%)
            Sort_splits Time (16 calls): 0.00 sec (0.0%)
            Update_bounds_lp Time (8 calls): 0.00 sec (0.1%)
            Other (Recompute_bounds): 0.00 sec (0.2%)
          Assign_zeros Time (16 calls): 0.00 sec (0.0%)
          Other (Prefilter_split_relu): 0.00 sec (0.1%)
        Other (Split_enumerate): 0.00 sec (0.2%)
      Other (Do_first_relu_split): 0.00 sec (0.0%)
    Starstate.apply_linear_layer Time (16 calls): 0.00 sec (0.0%)
    Recompute_bounds Time (8 calls): 0.00 sec (0.1%)
    Assign_zeros Time (8 calls): 0.00 sec (0.0%)
    Other (Advance): 0.00 sec (0.0%)
  Finished_star Time (8 calls): 0.01 sec (1.2%)
  Post_loop Time (1 calls): 0.00 sec (0.0%)
  Other (Worker_func (process 0)): 0.00 sec (0.1%)


Total Stars: 75 (75 exact, 0 approx)
Runtime: 1.0 sec
Completed work frac: 1.0
Num Stars Copied Between Processes: 12
Num Lps During Enumeration: 1301
Total Num Lps: 1301

Result: network is SAFE
Enumerate_network Time (1 calls): 0.99 sec
  From_init_box Time (1 calls): 0.00 sec (0.0%)
  Propagate_up_to_split Time (1 calls): 0.00 sec (0.0%)
  Push_init Time (1 calls): 0.00 sec (0.0%)
  Run workers Time (1 calls): 0.97 sec (97.0%)
  Deserialize result stars Time (1 calls): 0.00 sec (0.5%)
  Other (Enumerate_network): 0.02 sec (2.4%)
