=== Our method: HalfCheetah-v4 latent3 spec_1 ===
encoder: sac_sweep_runs/HalfCheetah-v4/latent3/seed0/encoder.onnx
controller: sac_sweep_runs/HalfCheetah-v4/latent3/seed0/latent_controller_full.pth
quant_step: 0.05
spec: paper_specs/HalfCheetah-v4/spec_1.vnnlib

Running in parallel with 32 processes
(0.0 sec) Q: 0, Sets: 0/1  (0.0%) ETA: - (expected 1 stars)   
(0.2 sec) Q: 1, Sets: 0/2  (0.0%) ETA: - (expected 1 stars)   
(0.4 sec) Q: 1, Sets: 0/3  (0.0%) ETA: - (expected 1 stars)   Worker 21: 4 stars (4 exact, 0 approx); Working: 14.6% (Exact: 14.6%, Overapprox: 0.0%); Waiting: 0ms 
Worker 29: 0 stars (0 exact, 0 approx); Working: 0.0% (Exact: 0.0%, Overapprox: 0.0%); Waiting: 0ms 
Worker 31: 2 stars (2 exact, 0 approx); Working: 1.7% (Exact: 1.7%, Overapprox: 0.0%); Waiting: 0ms 
Worker 13: 1 stars (1 exact, 0 approx); Working: 0.5% (Exact: 0.5%, Overapprox: 0.0%); Waiting: 0ms 
Worker 3: 0 stars (0 exact, 0 approx); Working: 0.0% (Exact: 0.0%, Overapprox: 0.0%); Waiting: 0ms 
Worker 2: 0 stars (0 exact, 0 approx); Working: 0.0% (Exact: 0.0%, Overapprox: 0.0%); Waiting: 0ms 
Worker 25: 0 stars (0 exact, 0 approx); Working: 0.0% (Exact: 0.0%, Overapprox: 0.0%); Waiting: 0ms 
Worker 4: 2 stars (2 exact, 0 approx); Working: 54.8% (Exact: 54.8%, Overapprox: 0.0%); Waiting: 0ms 
Worker 28: 2 stars (2 exact, 0 approx); Working: 1.4% (Exact: 1.4%, Overapprox: 0.0%); Waiting: 0ms 
Worker 24: 4 stars (4 exact, 0 approx); Working: 36.9% (Exact: 36.9%, Overapprox: 0.0%); Waiting: 0ms 
Worker 15: 4 stars (4 exact, 0 approx); Working: 1.8% (Exact: 1.8%, Overapprox: 0.0%); Waiting: 8.886ms 
Worker 11: 2 stars (2 exact, 0 approx); Working: 0.6% (Exact: 0.6%, Overapprox: 0.0%); Waiting: 0ms 
Worker 10: 4 stars (4 exact, 0 approx); Working: 10.6% (Exact: 10.6%, Overapprox: 0.0%); Waiting: 0ms 
Worker 19: 3 stars (3 exact, 0 approx); Working: 0.8% (Exact: 0.8%, Overapprox: 0.0%); Waiting: 0ms 
Worker 5: 10 stars (10 exact, 0 approx); Working: 10.6% (Exact: 10.6%, Overapprox: 0.0%); Waiting: 0ms 
Worker 30: 4 stars (4 exact, 0 approx); Working: 15.2% (Exact: 15.2%, Overapprox: 0.0%); Waiting: 0ms 
Worker 7: 1 stars (1 exact, 0 approx); Working: 0.4% (Exact: 0.4%, Overapprox: 0.0%); Waiting: 0ms 
Worker 14: 2 stars (2 exact, 0 approx); Working: 0.7% (Exact: 0.7%, Overapprox: 0.0%); Waiting: 0ms 
Worker 23: 5 stars (5 exact, 0 approx); Working: 2.9% (Exact: 2.9%, Overapprox: 0.0%); Waiting: 0ms 
Worker 16: 6 stars (6 exact, 0 approx); Working: 30.5% (Exact: 30.5%, Overapprox: 0.0%); Waiting: 0ms 
Worker 12: 4 stars (4 exact, 0 approx); Working: 1.1% (Exact: 1.1%, Overapprox: 0.0%); Waiting: 0ms 
Worker 1: 0 stars (0 exact, 0 approx); Working: 0.0% (Exact: 0.0%, Overapprox: 0.0%); Waiting: 0ms 
Worker 6: 2 stars (2 exact, 0 approx); Working: 0.7% (Exact: 0.7%, Overapprox: 0.0%); Waiting: 0ms 
Worker 17: 0 stars (0 exact, 0 approx); Working: 0.0% (Exact: 0.0%, Overapprox: 0.0%); Waiting: 0ms 
Worker 9: 2 stars (2 exact, 0 approx); Working: 0.7% (Exact: 0.7%, Overapprox: 0.0%); Waiting: 0ms 
Worker 18: 0 stars (0 exact, 0 approx); Working: 0.0% (Exact: 0.0%, Overapprox: 0.0%); Waiting: 0ms 
Worker 27: 1 stars (1 exact, 0 approx); Working: 0.5% (Exact: 0.5%, Overapprox: 0.0%); Waiting: 0ms 
Worker 26: 1 stars (1 exact, 0 approx); Working: 0.8% (Exact: 0.8%, Overapprox: 0.0%); Waiting: 0ms 
Worker 22: 0 stars (0 exact, 0 approx); Working: 0.0% (Exact: 0.0%, Overapprox: 0.0%); Waiting: 0ms 
Worker 20: 0 stars (0 exact, 0 approx); Working: 0.0% (Exact: 0.0%, Overapprox: 0.0%); Waiting: 0ms 
Worker 8: 0 stars (0 exact, 0 approx); Working: 0.0% (Exact: 0.0%, Overapprox: 0.0%); Waiting: 0ms 
(0.5 sec) Q: 0, Sets: 0/8  (0.0%) ETA: - (expected 1 stars)   


Worker 0: 2 stars (2 exact, 0 approx); Working: 91.3% (Exact: 91.3%, Overapprox: 0.0%); Waiting: 0ms 

Worker_func (process 0) Time (1 calls): 0.52 sec
  Get_global_queue Time (5 calls): 0.04 sec (8.3%)
    Deserialize Time (1 calls): 0.00 sec (0.4%)
    Other (Get_global_queue): 0.04 sec (99.6%)
  Update_shared_variables Time (7 calls): 0.00 sec (0.2%)
  Print_progress Time (4 calls): 0.00 sec (0.1%)
  Exists_idle_worker Time (9 calls): 0.00 sec (0.0%)
  Advance Time (9 calls): 0.48 sec (91.0%)
    Do_first_relu_split Time (9 calls): 0.48 sec (99.9%)
      Split_enumerate Time (9 calls): 0.48 sec (100.0%)
        Glp_copy_prob Time (9 calls): 0.00 sec (0.0%)
        Copy init bm bias Time (9 calls): 0.00 sec (0.0%)
        Check child feasible Time (9 calls): 0.00 sec (0.1%)
        Add_dense_row Time (9 calls): 0.00 sec (0.0%)
        Prefilter_split_relu Time (9 calls): 0.48 sec (99.7%)
          Contract_zonotope_lp Time (9 calls): 0.00 sec (0.9%)
          Witness_lp Time (18 calls): 0.00 sec (0.1%)
          Recompute_bounds Time (16 calls): 0.47 sec (98.8%)
            Zono.update_output_bounds Time (16 calls): 0.00 sec (0.2%)
            Update_bounds_lp_parallel Time (8 calls): 0.47 sec (99.5%)
              Serialize Time (8 calls): 0.00 sec (0.1%)
              Deserialize Time (8 calls): 0.00 sec (0.3%)
              Other (Update_bounds_lp_parallel): 0.47 sec (99.7%)
            Sort_splits Time (16 calls): 0.00 sec (0.0%)
            Update_bounds_lp Time (8 calls): 0.00 sec (0.1%)
            Other (Recompute_bounds): 0.00 sec (0.2%)
          Assign_zeros Time (16 calls): 0.00 sec (0.0%)
          Other (Prefilter_split_relu): 0.00 sec (0.1%)
        Other (Split_enumerate): 0.00 sec (0.1%)
      Other (Do_first_relu_split): 0.00 sec (0.0%)
    Starstate.apply_linear_layer Time (8 calls): 0.00 sec (0.0%)
    Recompute_bounds Time (4 calls): 0.00 sec (0.1%)
    Assign_zeros Time (4 calls): 0.00 sec (0.0%)
    Other (Advance): 0.00 sec (0.0%)
  Finished_star Time (2 calls): 0.00 sec (0.3%)
  Post_loop Time (1 calls): 0.00 sec (0.0%)
  Other (Worker_func (process 0)): 0.00 sec (0.1%)


Total Stars: 68 (68 exact, 0 approx)
Runtime: 1.0 sec
Completed work frac: 1.0
Num Stars Copied Between Processes: 22
Num Lps During Enumeration: 1299
Total Num Lps: 1299

Result: network is SAFE
Enumerate_network Time (1 calls): 0.97 sec
  From_init_box Time (1 calls): 0.00 sec (0.0%)
  Propagate_up_to_split Time (1 calls): 0.00 sec (0.0%)
  Push_init Time (1 calls): 0.00 sec (0.0%)
  Run workers Time (1 calls): 0.94 sec (96.4%)
  Deserialize result stars Time (1 calls): 0.01 sec (0.9%)
  Other (Enumerate_network): 0.02 sec (2.6%)
