=== Our method: HalfCheetah-v4 latent3 spec_4 ===
encoder: sac_sweep_runs/HalfCheetah-v4/latent3/seed0/encoder.onnx
controller: sac_sweep_runs/HalfCheetah-v4/latent3/seed0/latent_controller_full.pth
quant_step: 0.05
spec: paper_specs/HalfCheetah-v4/spec_4.vnnlib

Running in parallel with 32 processes
(0.0 sec) Q: 0, Sets: 0/1  (0.0%) ETA: - (expected 1 stars)   
(0.3 sec) Q: 1, Sets: 0/2  (0.0%) ETA: - (expected 1 stars)   
(0.4 sec) Q: 1, Sets: 0/3  (0.0%) ETA: - (expected 1 stars)   Worker 23: 6 stars (6 exact, 0 approx); Working: 37.3% (Exact: 37.3%, Overapprox: 0.0%); Waiting: 20.559ms 
Worker 21: 4 stars (4 exact, 0 approx); Working: 14.6% (Exact: 14.6%, Overapprox: 0.0%); Waiting: 10.103ms 
Worker 7: 1 stars (1 exact, 0 approx); Working: 0.9% (Exact: 0.9%, Overapprox: 0.0%); Waiting: 0ms 
Worker 6: 0 stars (0 exact, 0 approx); Working: 0.0% (Exact: 0.0%, Overapprox: 0.0%); Waiting: 0ms 
Worker 14: 0 stars (0 exact, 0 approx); Working: 0.0% (Exact: 0.0%, Overapprox: 0.0%); Waiting: 0ms 
Worker 20: 2 stars (2 exact, 0 approx); Working: 1.5% (Exact: 1.5%, Overapprox: 0.0%); Waiting: 0ms 
Worker 24: 0 stars (0 exact, 0 approx); Working: 0.0% (Exact: 0.0%, Overapprox: 0.0%); Waiting: 0ms 
Worker 5: 1 stars (1 exact, 0 approx); Working: 0.4% (Exact: 0.4%, Overapprox: 0.0%); Waiting: 0ms 
Worker 16: 3 stars (3 exact, 0 approx); Working: 1.4% (Exact: 1.4%, Overapprox: 0.0%); Waiting: 0ms 
Worker 29: 0 stars (0 exact, 0 approx); Working: 0.0% (Exact: 0.0%, Overapprox: 0.0%); Waiting: 0ms 
Worker 12: 0 stars (0 exact, 0 approx); Working: 0.0% (Exact: 0.0%, Overapprox: 0.0%); Waiting: 0ms 
Worker 17: 0 stars (0 exact, 0 approx); Working: 0.0% (Exact: 0.0%, Overapprox: 0.0%); Waiting: 0ms 
Worker 22: 1 stars (1 exact, 0 approx); Working: 0.6% (Exact: 0.6%, Overapprox: 0.0%); Waiting: 0ms 
Worker 3: 4 stars (4 exact, 0 approx); Working: 11.7% (Exact: 11.7%, Overapprox: 0.0%); Waiting: 0ms 
Worker 8: 0 stars (0 exact, 0 approx); Working: 0.0% (Exact: 0.0%, Overapprox: 0.0%); Waiting: 0ms 
Worker 4: 0 stars (0 exact, 0 approx); Working: 0.0% (Exact: 0.0%, Overapprox: 0.0%); Waiting: 0ms 
Worker 10: 2 stars (2 exact, 0 approx); Working: 0.9% (Exact: 0.9%, Overapprox: 0.0%); Waiting: 0ms 
Worker 28: 2 stars (2 exact, 0 approx); Working: 1.2% (Exact: 1.2%, Overapprox: 0.0%); Waiting: 0ms 
Worker 31: 0 stars (0 exact, 0 approx); Working: 0.0% (Exact: 0.0%, Overapprox: 0.0%); Waiting: 0ms 
Worker 27: 0 stars (0 exact, 0 approx); Working: 0.0% (Exact: 0.0%, Overapprox: 0.0%); Waiting: 0ms 
Worker 30: 5 stars (5 exact, 0 approx); Working: 1.9% (Exact: 1.9%, Overapprox: 0.0%); Waiting: 0ms 
Worker 18: 0 stars (0 exact, 0 approx); Working: 0.0% (Exact: 0.0%, Overapprox: 0.0%); Waiting: 0ms 
Worker 2: 3 stars (3 exact, 0 approx); Working: 48.3% (Exact: 48.3%, Overapprox: 0.0%); Waiting: 0ms 
Worker 19: 0 stars (0 exact, 0 approx); Working: 0.0% (Exact: 0.0%, Overapprox: 0.0%); Waiting: 0ms 
Worker 1: 2 stars (2 exact, 0 approx); Working: 10.8% (Exact: 10.8%, Overapprox: 0.0%); Waiting: 0ms 
Worker 9: 8 stars (8 exact, 0 approx); Working: 14.1% (Exact: 14.1%, Overapprox: 0.0%); Waiting: 0ms 
Worker 11: 8 stars (8 exact, 0 approx); Working: 2.3% (Exact: 2.3%, Overapprox: 0.0%); Waiting: 19.662ms 
Worker 25: 5 stars (5 exact, 0 approx); Working: 2.7% (Exact: 2.7%, Overapprox: 0.0%); Waiting: 9.972ms 
Worker 26: 2 stars (2 exact, 0 approx); Working: 1.0% (Exact: 1.0%, Overapprox: 0.0%); Waiting: 0ms 
Worker 15: 2 stars (2 exact, 0 approx); Working: 0.6% (Exact: 0.6%, Overapprox: 0.0%); Waiting: 0ms 
Worker 13: 4 stars (4 exact, 0 approx); Working: 33.8% (Exact: 33.8%, Overapprox: 0.0%); Waiting: 0ms 
(0.5 sec) Q: 0, Sets: 0/8  (0.0%) ETA: - (expected 1 stars)   


Worker 0: 3 stars (3 exact, 0 approx); Working: 91.4% (Exact: 91.4%, Overapprox: 0.0%); Waiting: 0ms 

Worker_func (process 0) Time (1 calls): 0.50 sec
  Get_global_queue Time (5 calls): 0.04 sec (8.3%)
    Deserialize Time (1 calls): 0.00 sec (0.2%)
    Other (Get_global_queue): 0.04 sec (99.8%)
  Update_shared_variables Time (7 calls): 0.00 sec (0.2%)
  Print_progress Time (4 calls): 0.00 sec (0.1%)
  Exists_idle_worker Time (9 calls): 0.00 sec (0.0%)
  Advance Time (9 calls): 0.46 sec (90.9%)
    Do_first_relu_split Time (9 calls): 0.46 sec (99.8%)
      Split_enumerate Time (9 calls): 0.46 sec (100.0%)
        Glp_copy_prob Time (9 calls): 0.00 sec (0.0%)
        Copy init bm bias Time (9 calls): 0.00 sec (0.0%)
        Check child feasible Time (9 calls): 0.00 sec (0.1%)
        Add_dense_row Time (9 calls): 0.00 sec (0.1%)
        Prefilter_split_relu Time (9 calls): 0.46 sec (99.6%)
          Contract_zonotope_lp Time (9 calls): 0.01 sec (1.3%)
          Witness_lp Time (18 calls): 0.00 sec (0.2%)
          Recompute_bounds Time (16 calls): 0.45 sec (98.3%)
            Zono.update_output_bounds Time (16 calls): 0.00 sec (0.2%)
            Update_bounds_lp_parallel Time (8 calls): 0.44 sec (99.3%)
              Serialize Time (8 calls): 0.00 sec (0.1%)
              Deserialize Time (8 calls): 0.00 sec (0.3%)
              Other (Update_bounds_lp_parallel): 0.44 sec (99.7%)
            Sort_splits Time (16 calls): 0.00 sec (0.0%)
            Update_bounds_lp Time (8 calls): 0.00 sec (0.2%)
            Other (Recompute_bounds): 0.00 sec (0.2%)
          Assign_zeros Time (16 calls): 0.00 sec (0.1%)
          Other (Prefilter_split_relu): 0.00 sec (0.1%)
        Other (Split_enumerate): 0.00 sec (0.2%)
      Other (Do_first_relu_split): 0.00 sec (0.0%)
    Starstate.apply_linear_layer Time (8 calls): 0.00 sec (0.0%)
    Recompute_bounds Time (4 calls): 0.00 sec (0.1%)
    Assign_zeros Time (4 calls): 0.00 sec (0.0%)
    Other (Advance): 0.00 sec (0.0%)
  Finished_star Time (3 calls): 0.00 sec (0.5%)
  Post_loop Time (1 calls): 0.00 sec (0.0%)
  Other (Worker_func (process 0)): 0.00 sec (0.1%)


Total Stars: 68 (68 exact, 0 approx)
Runtime: 0.9 sec
Completed work frac: 1.0
Num Stars Copied Between Processes: 24
Num Lps During Enumeration: 1299
Total Num Lps: 1299

Result: network is SAFE
Enumerate_network Time (1 calls): 0.96 sec
  From_init_box Time (1 calls): 0.00 sec (0.0%)
  Propagate_up_to_split Time (1 calls): 0.00 sec (0.0%)
  Push_init Time (1 calls): 0.00 sec (0.0%)
  Run workers Time (1 calls): 0.92 sec (96.3%)
  Deserialize result stars Time (1 calls): 0.01 sec (0.9%)
  Other (Enumerate_network): 0.03 sec (2.7%)
