=== Our method: Hopper-v5 latent3 spec_4 ===
encoder: sac_sweep_runs/Hopper-v5/latent3/seed0/encoder.onnx
controller: sac_sweep_runs/Hopper-v5/latent3/seed0/latent_controller_full.pth
quant_step: 0.1
spec: paper_specs/Hopper-v5/spec_4.vnnlib

Running in parallel with 32 processes
(0.0 sec) Q: 0, Sets: 0/1  (0.0%) ETA: - (expected 1 stars)   
(0.3 sec) Q: 1, Sets: 0/2  (0.0%) ETA: - (expected 1 stars)   
(0.4 sec) Q: 1, Sets: 0/3  (0.0%) ETA: - (expected 1 stars)   Worker 7: 3 stars (3 exact, 0 approx); Working: 12.9% (Exact: 12.9%, Overapprox: 0.0%); Waiting: 0ms 
Worker 20: 6 stars (6 exact, 0 approx); Working: 2.7% (Exact: 2.7%, Overapprox: 0.0%); Waiting: 0ms 
Worker 25: 4 stars (4 exact, 0 approx); Working: 2.6% (Exact: 2.6%, Overapprox: 0.0%); Waiting: 0ms 
Worker 27: 0 stars (0 exact, 0 approx); Working: 0.0% (Exact: 0.0%, Overapprox: 0.0%); Waiting: 0ms 
Worker 24: 2 stars (2 exact, 0 approx); Working: 70.1% (Exact: 70.1%, Overapprox: 0.0%); Waiting: 0ms 
Worker 14: 1 stars (1 exact, 0 approx); Working: 0.4% (Exact: 0.4%, Overapprox: 0.0%); Waiting: 0ms 
Worker 21: 0 stars (0 exact, 0 approx); Working: 0.0% (Exact: 0.0%, Overapprox: 0.0%); Waiting: 0ms 
Worker 5: 0 stars (0 exact, 0 approx); Working: 0.0% (Exact: 0.0%, Overapprox: 0.0%); Waiting: 0ms 
Worker 11: 1 stars (1 exact, 0 approx); Working: 12.0% (Exact: 12.0%, Overapprox: 0.0%); Waiting: 0ms 
Worker 2: 0 stars (0 exact, 0 approx); Working: 0.0% (Exact: 0.0%, Overapprox: 0.0%); Waiting: 0ms 
Worker 30: 2 stars (2 exact, 0 approx); Working: 1.2% (Exact: 1.2%, Overapprox: 0.0%); Waiting: 0ms 
Worker 9: 0 stars (0 exact, 0 approx); Working: 0.0% (Exact: 0.0%, Overapprox: 0.0%); Waiting: 0ms 
Worker 18: 0 stars (0 exact, 0 approx); Working: 0.0% (Exact: 0.0%, Overapprox: 0.0%); Waiting: 0ms 
Worker 13: 0 stars (0 exact, 0 approx); Working: 0.0% (Exact: 0.0%, Overapprox: 0.0%); Waiting: 0ms 
Worker 22: 0 stars (0 exact, 0 approx); Working: 0.0% (Exact: 0.0%, Overapprox: 0.0%); Waiting: 0ms 
Worker 28: 0 stars (0 exact, 0 approx); Working: 0.0% (Exact: 0.0%, Overapprox: 0.0%); Waiting: 0ms 
Worker 1: 17 stars (17 exact, 0 approx); Working: 12.7% (Exact: 12.7%, Overapprox: 0.0%); Waiting: 0ms 
Worker 16: 0 stars (0 exact, 0 approx); Working: 0.0% (Exact: 0.0%, Overapprox: 0.0%); Waiting: 0ms 
Worker 15: 1 stars (1 exact, 0 approx); Working: 0.2% (Exact: 0.2%, Overapprox: 0.0%); Waiting: 0ms 
Worker 8: 2 stars (2 exact, 0 approx); Working: 0.8% (Exact: 0.8%, Overapprox: 0.0%); Waiting: 0ms 
Worker 31: 0 stars (0 exact, 0 approx); Working: 0.0% (Exact: 0.0%, Overapprox: 0.0%); Waiting: 0ms 
Worker 6: 3 stars (3 exact, 0 approx); Working: 1.1% (Exact: 1.1%, Overapprox: 0.0%); Waiting: 0ms 
Worker 29: 3 stars (3 exact, 0 approx); Working: 1.6% (Exact: 1.6%, Overapprox: 0.0%); Waiting: 0ms 
Worker 10: 0 stars (0 exact, 0 approx); Working: 0.0% (Exact: 0.0%, Overapprox: 0.0%); Waiting: 0ms 
Worker 4: 4 stars (4 exact, 0 approx); Working: 1.3% (Exact: 1.3%, Overapprox: 0.0%); Waiting: 0ms 
Worker 23: 4 stars (4 exact, 0 approx); Working: 36.0% (Exact: 36.0%, Overapprox: 0.0%); Waiting: 0ms 
Worker 3: 5 stars (5 exact, 0 approx); Working: 26.2% (Exact: 26.2%, Overapprox: 0.0%); Waiting: 0ms 
Worker 26: 0 stars (0 exact, 0 approx); Working: 0.0% (Exact: 0.0%, Overapprox: 0.0%); Waiting: 0ms 
Worker 19: 10 stars (10 exact, 0 approx); Working: 14.7% (Exact: 14.7%, Overapprox: 0.0%); Waiting: 9.693ms 
Worker 17: 4 stars (4 exact, 0 approx); Working: 1.5% (Exact: 1.5%, Overapprox: 0.0%); Waiting: 0ms 
Worker 12: 0 stars (0 exact, 0 approx); Working: 0.0% (Exact: 0.0%, Overapprox: 0.0%); Waiting: 0ms 
(0.5 sec) Q: 0, Sets: 0/8  (0.0%) ETA: - (expected 1 stars)   


Worker 0: 3 stars (3 exact, 0 approx); Working: 93.4% (Exact: 93.4%, Overapprox: 0.0%); Waiting: 0ms 

Worker_func (process 0) Time (1 calls): 0.51 sec
  Get_global_queue Time (4 calls): 0.03 sec (6.1%)
    Deserialize Time (1 calls): 0.00 sec (0.5%)
    Other (Get_global_queue): 0.03 sec (99.5%)
  Update_shared_variables Time (7 calls): 0.00 sec (0.2%)
  Print_progress Time (4 calls): 0.00 sec (0.1%)
  Exists_idle_worker Time (7 calls): 0.00 sec (0.0%)
  Advance Time (7 calls): 0.47 sec (93.2%)
    Do_first_relu_split Time (7 calls): 0.47 sec (99.8%)
      Split_enumerate Time (7 calls): 0.47 sec (100.0%)
        Glp_copy_prob Time (7 calls): 0.00 sec (0.0%)
        Copy init bm bias Time (7 calls): 0.00 sec (0.0%)
        Check child feasible Time (7 calls): 0.00 sec (0.1%)
        Add_dense_row Time (7 calls): 0.00 sec (0.0%)
        Prefilter_split_relu Time (7 calls): 0.47 sec (99.7%)
          Contract_zonotope_lp Time (7 calls): 0.00 sec (1.0%)
          Witness_lp Time (14 calls): 0.00 sec (0.1%)
          Recompute_bounds Time (12 calls): 0.46 sec (98.7%)
            Zono.update_output_bounds Time (12 calls): 0.00 sec (0.2%)
            Update_bounds_lp_parallel Time (8 calls): 0.46 sec (99.4%)
              Serialize Time (8 calls): 0.00 sec (0.1%)
              Deserialize Time (8 calls): 0.00 sec (0.2%)
              Other (Update_bounds_lp_parallel): 0.46 sec (99.7%)
            Sort_splits Time (12 calls): 0.00 sec (0.0%)
            Update_bounds_lp Time (4 calls): 0.00 sec (0.1%)
            Other (Recompute_bounds): 0.00 sec (0.3%)
          Assign_zeros Time (12 calls): 0.00 sec (0.0%)
          Other (Prefilter_split_relu): 0.00 sec (0.1%)
        Other (Split_enumerate): 0.00 sec (0.1%)
      Other (Do_first_relu_split): 0.00 sec (0.0%)
    Starstate.apply_linear_layer Time (8 calls): 0.00 sec (0.0%)
    Recompute_bounds Time (4 calls): 0.00 sec (0.1%)
    Assign_zeros Time (4 calls): 0.00 sec (0.0%)
    Other (Advance): 0.00 sec (0.0%)
  Finished_star Time (3 calls): 0.00 sec (0.2%)
  Post_loop Time (1 calls): 0.00 sec (0.1%)
  Other (Worker_func (process 0)): 0.00 sec (0.1%)


Total Stars: 75 (75 exact, 0 approx)
Runtime: 0.9 sec
Completed work frac: 1.0
Num Stars Copied Between Processes: 18
Num Lps During Enumeration: 1301
Total Num Lps: 1301

Result: network is SAFE
Enumerate_network Time (1 calls): 0.95 sec
  From_init_box Time (1 calls): 0.00 sec (0.0%)
  Propagate_up_to_split Time (1 calls): 0.00 sec (0.0%)
  Push_init Time (1 calls): 0.00 sec (0.0%)
  Run workers Time (1 calls): 0.92 sec (97.4%)
  Deserialize result stars Time (1 calls): 0.01 sec (0.6%)
  Other (Enumerate_network): 0.02 sec (2.0%)
